Log Level|Time|PID|Category|File|Function(Line)|Message
Inf|12.04.2019 15:57:06:557|9300|default|NavShellDialog.h|void __cdecl NavShellDialog::loadSettings(void)(1397)|"D:/workspace/build/qt5.9.6/hmi/out/bin/qt-arp/simulation_settings.ini"
Dbg|12.04.2019 15:57:09:646|9300|qtarp.config|commandlineoptions.cpp|class QMap<class QString,class QVariant> __cdecl CommandLineOptions::getCommandLineMap(void) const(21)|No command line options provided
Wrn|12.04.2019 15:57:12:208|9300|qtarp.platform.impl.vehicle.info|halvehicleinformationserviceadapter.cpp|__cdecl HALVehicleInformationServiceAdapter::HALVehicleInformationServiceAdapter(class std::unique_ptr<class qtarp::hal::VehicleInformationService,struct std::default_delete<class qtarp::hal::VehicleInformationService> >)(30)|Vehicle identification from HAL is not valid.
Crt|12.04.2019 15:57:13:312|9300|qtarp.platform.impl.trips|tripsservicebuilder.cpp|bool __cdecl TripsServiceBuilder::build(class std::shared_ptr<class platform::PlatformService>,const class ConfigInterface &)(24)|Plugin did not implement interface: qtarp::hal::DefaultTripsServiceBuilder!!!
Dbg|12.04.2019 15:57:25:291|9300|qtarp.platform.impl.systemsettings.service|halsystemsettingsadapter.cpp|void __cdecl HALSystemSettingsAdapter::onSettingsUpdated(void)(172)|System settings notification:  localeName: "en_US"
measurementSystem: IMPERIAL_SYSTEM
timeFormat {
  timeLengthFormat: T_12H_SHORT
  isTimeZeroPadded: true
  timeSeparatorCharacter: 58
}

Dbg|12.04.2019 15:57:25:425|9300|qtarp.platform.impl.systemsettings.service|halsystemsettingsadapter.cpp|class telenav::qtarp::SystemSettings __cdecl HALSystemSettingsAdapter::getSettings(void) const(131)|Got settings: localeName: "en_US"
measurementSystem: IMPERIAL_SYSTEM
themeMode: DAY_MODE
timeFormat {
  timeLengthFormat: T_12H_SHORT
  isTimeZeroPadded: true
  timeSeparatorCharacter: 58
}

Dbg|15.04.2019 9:57:54:923|16904|qtarp.routing.flow|qroutingflowimpl.cpp|void __cdecl QRoutingFlowImpl::calculateRoute(const class telenav::qtarp::RouteRequest &)(54)|Sending:  origin {
  lat: 42.31314
  lon: -83.20999
}
origin_heading: 94
destinations {
  place {
    id: "Yz1kZWFyYm9ybjtjbz11cztzZm49a29ydGUgc3Q7ej00ODEyNjtzPW1pO2lkPTEwNDAzNzkyNztsdD00Mi4zMTg0NDtsbj0tODMuMjAxMzk7cmdjPWZhbHNlO3R0PXN0cmVldDsV6"
    label: "Korte St, Dearborn, MI 48126, USA"
    type: PLACE_STREET
    location {
      lat: 42.31844
      lon: -83.20139
    }
    address {
      formatted_address: "Korte St, Dearborn, MI 48126, USA"
      street: "Korte St"
      city: "Dearborn"
      province: "MI"
      country_code: "USA"
      postal_code: "48126"
      address_line: "Korte St"
      address_line: "Dearborn, MI 48126, USA"
    }
    annotation_type: FINAL_DESTINATION
  }
}
route_content_level: FULL_LEVEL
number_of_alternatives: 1
include_traffic_information: true

Dbg|15.04.2019 10:23:14:899|16904|qtarp.sdk_wrapper.routing|routecomputationwork.cpp|struct SdkRouteResponse __cdecl RouteComputationWork::execute(const class std::shared_ptr<class CancelationToken> &)(127)|Route request:
origin {
  lat: 42.31314
  lon: -83.20999
}
origin_heading: 94
destinations {
  place {
    id: "P-2730818"
    label: "King Boring Park"
    type: PLACE_POI
    location {
      lat: 42.313
      lon: -83.19244
    }
    categories: 901
    address {
      formatted_address: "3901 Greenfield Rd, Dearborn, MI 48126, USA"
      door_number: "3901"
      street: "Greenfield Rd"
      city: "Dearborn"
      province: "MI"
      country_code: "USA"
      postal_code: "48126"
      address_line: "3901 Greenfield Rd"
      address_line: "Dearborn, MI 48126"
    }
    annotation_type: FINAL_DESTINATION
    index: 1
  }
}
route_content_level: FULL_LEVEL
avoid_traffic: true
use_historical_speed: true
number_of_alternatives: 3
route_type: FASTEST_ROUTE_TYPE
start_time: 1555294989
include_traffic_information: true
trailer_options {
  is_enabled: false
}
offroad_options {
  is_enabled: false
}

